[Browser Console] info: %cDownload the React DevTools for a better development experience: https://reactjs.org/link/react-devtools font-weight:bold
[Browser Console] log: [Web Vitals] FCP: 488.00ms (good)
[Browser Console] log: [Performance] Page Load Metrics: {dns_time: 0.10000002384185791, tcp_time: 0.800000011920929, request_time: 257.89999997615814, response_time: 35.30000001192093, dom_processing_time: 0}
[Browser Console] log: [Performance] Monitoring initialized
[Browser Console] log: [Web Vitals] FCP: 488.00ms (good)
[Browser Console] log: [Performance] Page Load Metrics: {dns_time: 0.10000002384185791, tcp_time: 0.800000011920929, request_time: 257.89999997615814, response_time: 35.30000001192093, dom_processing_time: 0}
[Browser Console] log: [Performance] Monitoring initialized
[Browser Console] log: [Web Vitals] TTFB: 279.80ms (good)
[Browser Console] log: [Web Vitals] TTFB: 279.80ms (good)
[Browser Console] info: %cDownload the React DevTools for a better development experience: https://reactjs.org/link/react-devtools font-weight:bold
[Browser Console] log: [Web Vitals] FCP: 728.00ms (good)
[Browser Console] log: [Performance] Page Load Metrics: {dns_time: 0.30000001192092896, tcp_time: 0.699999988079071, request_time: 279, response_time: 118.80000001192093, dom_processing_time: 0}
[Browser Console] log: [Performance] Monitoring initialized
[Browser Console] log: [Web Vitals] FCP: 728.00ms (good)
[Browser Console] log: [Performance] Page Load Metrics: {dns_time: 0.30000001192092896, tcp_time: 0.699999988079071, request_time: 279, response_time: 118.80000001192093, dom_processing_time: 0}
[Browser Console] log: [Performance] Monitoring initialized
[Browser Console] log: [Web Vitals] TTFB: 303.10ms (good)
[Browser Console] log: [Web Vitals] TTFB: 303.10ms (good)
[Browser Console] info: %cDownload the React DevTools for a better development experience: https://reactjs.org/link/react-devtools font-weight:bold
[Browser Console] log: [Web Vitals] FCP: 316.00ms (good)
[Browser Console] log: [Performance] Page Load Metrics: {dns_time: 0.20000004768371582, tcp_time: 0.5, request_time: 77.90000003576279, response_time: 13.699999988079071, dom_processing_time: 0}
[Browser Console] log: [Performance] Monitoring initialized
[Browser Console] log: [Web Vitals] FCP: 316.00ms (good)
[Browser Console] log: [Performance] Page Load Metrics: {dns_time: 0.20000004768371582, tcp_time: 0.5, request_time: 77.90000003576279, response_time: 13.699999988079071, dom_processing_time: 0}
[Browser Console] log: [Performance] Monitoring initialized
[Browser Console] log: [Web Vitals] TTFB: 96.00ms (good)
[Browser Console] log: [Web Vitals] TTFB: 96.00ms (good)
[Browser Console] info: %cDownload the React DevTools for a better development experience: https://reactjs.org/link/react-devtools font-weight:bold
[Browser Console] log: [Web Vitals] FCP: 268.00ms (good)
[Browser Console] log: [Performance] Page Load Metrics: {dns_time: 0.09999996423721313, tcp_time: 0.40000003576278687, request_time: 72.19999998807907, response_time: 2.199999988079071, dom_processing_time: 0}
[Browser Console] log: [Performance] Monitoring initialized
[Browser Console] log: [Web Vitals] FCP: 268.00ms (good)
[Browser Console] log: [Performance] Page Load Metrics: {dns_time: 0.09999996423721313, tcp_time: 0.40000003576278687, request_time: 72.19999998807907, response_time: 2.199999988079071, dom_processing_time: 0}
[Browser Console] log: [Performance] Monitoring initialized
[Browser Console] log: [Web Vitals] TTFB: 81.90ms (good)
[Browser Console] log: [Web Vitals] TTFB: 81.90ms (good)
[Browser Console] info: %cDownload the React DevTools for a better development experience: https://reactjs.org/link/react-devtools font-weight:bold
[Browser Console] log: [Web Vitals] FCP: 280.00ms (good)
[Browser Console] log: [Performance] Page Load Metrics: {dns_time: 0.6000000238418579, tcp_time: 0.6000000238418579, request_time: 79, response_time: 2.799999952316284, dom_processing_time: 0}
[Browser Console] log: [Performance] Monitoring initialized
[Browser Console] log: [Web Vitals] FCP: 280.00ms (good)
[Browser Console] log: [Performance] Page Load Metrics: {dns_time: 0.6000000238418579, tcp_time: 0.6000000238418579, request_time: 79, response_time: 2.799999952316284, dom_processing_time: 0}
[Browser Console] log: [Performance] Monitoring initialized
[Browser Console] log: [Web Vitals] TTFB: 100.90ms (good)
[Browser Console] log: [Web Vitals] TTFB: 100.90ms (good)
Navigation failed. Current URL: http://localhost:3000/
[Browser Console] info: %cDownload the React DevTools for a better development experience: https://reactjs.org/link/react-devtools font-weight:bold
[Browser Console] log: [Web Vitals] FCP: 424.00ms (good)
[Browser Console] log: [Performance] Page Load Metrics: {dns_time: 0.5, tcp_time: 0.8999999761581421, request_time: 163.29999995231628, response_time: 18.200000047683716, dom_processing_time: 0}
[Browser Console] log: [Performance] Monitoring initialized
[Browser Console] log: [Web Vitals] FCP: 424.00ms (good)
[Browser Console] log: [Performance] Page Load Metrics: {dns_time: 0.5, tcp_time: 0.8999999761581421, request_time: 163.29999995231628, response_time: 18.200000047683716, dom_processing_time: 0}
[Browser Console] log: [Performance] Monitoring initialized
[Browser Console] log: [Web Vitals] TTFB: 185.10ms (good)
[Browser Console] log: [Web Vitals] TTFB: 185.10ms (good)
[Browser Console] info: %cDownload the React DevTools for a better development experience: https://reactjs.org/link/react-devtools font-weight:bold
[Browser Console] log: [Web Vitals] FCP: 744.00ms (good)
[Browser Console] log: [Performance] Page Load Metrics: {dns_time: 0.19999998807907104, tcp_time: 0.800000011920929, request_time: 456.10000002384186, response_time: 12.800000011920929, dom_processing_time: 0}
[Browser Console] log: [Performance] Monitoring initialized
[Browser Console] log: [Web Vitals] FCP: 744.00ms (good)
[Browser Console] log: [Performance] Page Load Metrics: {dns_time: 0.19999998807907104, tcp_time: 0.800000011920929, request_time: 456.10000002384186, response_time: 12.800000011920929, dom_processing_time: 0}
[Browser Console] log: [Performance] Monitoring initialized
[Browser Console] log: [Web Vitals] TTFB: 487.30ms (good)
[Browser Console] log: [Web Vitals] TTFB: 487.30ms (good)
[Browser Console] info: %cDownload the React DevTools for a better development experience: https://reactjs.org/link/react-devtools font-weight:bold
[Browser Console] log: [Web Vitals] FCP: 268.00ms (good)
[Browser Console] log: [Performance] Page Load Metrics: {dns_time: 0.09999996423721313, tcp_time: 0.40000003576278687, request_time: 56.69999998807907, response_time: 4.800000011920929, dom_processing_time: 0}
[Browser Console] log: [Performance] Monitoring initialized
[Browser Console] log: [Web Vitals] FCP: 268.00ms (good)
[Browser Console] log: [Performance] Page Load Metrics: {dns_time: 0.09999996423721313, tcp_time: 0.40000003576278687, request_time: 56.69999998807907, response_time: 4.800000011920929, dom_processing_time: 0}
[Browser Console] log: [Performance] Monitoring initialized
[Browser Console] log: [Web Vitals] TTFB: 71.30ms (good)
[Browser Console] log: [Web Vitals] TTFB: 71.30ms (good)
[Browser Console] info: %cDownload the React DevTools for a better development experience: https://reactjs.org/link/react-devtools font-weight:bold
[Browser Console] log: [Web Vitals] FCP: 276.00ms (good)
[Browser Console] log: [Performance] Page Load Metrics: {dns_time: 0.20000004768371582, tcp_time: 0.19999998807907104, request_time: 77.19999998807907, response_time: 9.199999988079071, dom_processing_time: 0}
[Browser Console] log: [Performance] Monitoring initialized
[Browser Console] log: [Web Vitals] FCP: 276.00ms (good)
[Browser Console] log: [Performance] Page Load Metrics: {dns_time: 0.20000004768371582, tcp_time: 0.19999998807907104, request_time: 77.19999998807907, response_time: 9.199999988079071, dom_processing_time: 0}
[Browser Console] log: [Performance] Monitoring initialized
[Browser Console] log: [Web Vitals] TTFB: 88.70ms (good)
[Browser Console] log: [Web Vitals] TTFB: 88.70ms (good)
[Browser Console] log: [Web Vitals] LCP: 1468.00ms (good)
[Browser Console] log: [Web Vitals] LCP: 1468.00ms (good)
[Browser Console] warning: [Performance] Long task detected: 64.00ms
[Browser Console] warning: [Performance] Long task detected: 64.00ms
[Browser Console] log: [Web Vitals] FID: 6.80ms (good)
[Browser Console] log: [Web Vitals] FID: 6.80ms (good)
[Browser Console] log: [Debug] Detecting keyword for query: 무선 이어폰
[Browser Console] log: [Debug] Detected keyword: 이어폰
[Browser Console] log: [Debug] Found products: 3
[Browser Console] log: [Debug] Built cards: 3
[Browser Console] log: [Analytics] Search Performed {query: 무선 이어폰, results_count: 3, search_mode: price}
[Browser Console] log: [Debug] Adding rich cards to results
[Browser Console] log: [Debug] Adding rich cards to results
[Browser Console] error: Failed to load resource: the server responded with a status of 404 (Not Found)
[Browser Console] log: [Debug] Navigating to: /negotiations/mock-negotiation-id
Success toast found!
[Browser Console] log: [Fast Refresh] rebuilding
Navigation failed. Current URL: http://localhost:3000/
[Browser Console] info: %cDownload the React DevTools for a better development experience: https://reactjs.org/link/react-devtools font-weight:bold
[Browser Console] log: [Web Vitals] FCP: 292.00ms (good)
[Browser Console] log: [Performance] Page Load Metrics: {dns_time: 0.30000001192092896, tcp_time: 0.699999988079071, request_time: 90.59999996423721, response_time: 8.200000047683716, dom_processing_time: 0.10000002384185791}
[Browser Console] log: [Performance] Monitoring initialized
[Browser Console] log: [Web Vitals] FCP: 292.00ms (good)
[Browser Console] log: [Performance] Page Load Metrics: {dns_time: 0.30000001192092896, tcp_time: 0.699999988079071, request_time: 90.59999996423721, response_time: 8.200000047683716, dom_processing_time: 0.10000002384185791}
[Browser Console] log: [Performance] Monitoring initialized
[Browser Console] log: [Web Vitals] TTFB: 114.10ms (good)
[Browser Console] log: [Web Vitals] TTFB: 114.10ms (good)
[Browser Console] log: [Web Vitals] LCP: 1280.00ms (good)
[Browser Console] log: [Web Vitals] LCP: 1280.00ms (good)
[Browser Console] log: [Web Vitals] FID: 5.10ms (good)
[Browser Console] log: [Web Vitals] FID: 5.10ms (good)
[Browser Console] log: [Debug] Detecting keyword for query: 무선 이어폰
[Browser Console] log: [Debug] Detected keyword: 이어폰
[Browser Console] log: [Debug] Found products: 3
[Browser Console] log: [Debug] Built cards: 3
[Browser Console] log: [Analytics] Search Performed {query: 무선 이어폰, results_count: 3, search_mode: price}
[Browser Console] log: [Debug] Adding rich cards to results
[Browser Console] log: [Debug] Adding rich cards to results
[Browser Console] error: Failed to load resource: the server responded with a status of 404 (Not Found)
[Browser Console] log: [Debug] Navigating to: /negotiations/mock-negotiation-id
[Browser Console] log: [Fast Refresh] rebuilding
[Browser Console] log: [Fast Refresh] done in 5003ms
[Browser Console] log: [Web Vitals] CLS: 0.00ms (good)
[Browser Console] log: [Web Vitals] INP: 96.00ms (good)
[Browser Console] log: [Web Vitals] CLS: 0.00ms (good)
[Browser Console] log: [Web Vitals] INP: 96.00ms (good)
[Browser Console] info: %cDownload the React DevTools for a better development experience: https://reactjs.org/link/react-devtools font-weight:bold
[Browser Console] log: [Performance] Page Load Metrics: {dns_time: 0, tcp_time: 0, request_time: 8013.899999976158, response_time: 29.80000001192093, dom_processing_time: 0.09999996423721313}
[Browser Console] log: [Performance] Monitoring initialized
[Browser Console] log: [Performance] Page Load Metrics: {dns_time: 0, tcp_time: 0, request_time: 8013.899999976158, response_time: 29.80000001192093, dom_processing_time: 0.09999996423721313}
[Browser Console] log: [Performance] Monitoring initialized
[Browser Console] log: [Web Vitals] TTFB: 8025.30ms (poor)
[Browser Console] log: [Web Vitals] TTFB: 8025.30ms (poor)
[Browser Console] error: WebSocket connection to 'wss://your-project.supabase.co/realtime/v1/websocket?apikey=eyJhbGciOiJIUzI1NiIsInR5cCI6IkpXVCJ9...&vsn=1.0.0' failed: Error in connection establishment: net::ERR_NAME_NOT_RESOLVED
[Browser Console] error: 등록된 PG 설정 정보가 없습니다.
[Browser Console] error: 등록된 PG 설정 정보가 없습니다.
[Browser Console] log: [Web Vitals] FCP: 9000.00ms (poor)
[Browser Console] log: [Web Vitals] FCP: 9000.00ms (poor)
[Browser Console] info: %cDownload the React DevTools for a better development experience: https://reactjs.org/link/react-devtools font-weight:bold
[Browser Console] log: [Web Vitals] FCP: 260.00ms (good)
[Browser Console] log: [Performance] Page Load Metrics: {dns_time: 0.20000004768371582, tcp_time: 0.3999999761581421, request_time: 54.40000003576279, response_time: 4.799999952316284, dom_processing_time: 0}
[Browser Console] log: [Performance] Monitoring initialized
[Browser Console] log: [Web Vitals] FCP: 260.00ms (good)
[Browser Console] log: [Performance] Page Load Metrics: {dns_time: 0.20000004768371582, tcp_time: 0.3999999761581421, request_time: 54.40000003576279, response_time: 4.799999952316284, dom_processing_time: 0}
[Browser Console] log: [Performance] Monitoring initialized
[Browser Console] log: [Web Vitals] TTFB: 65.80ms (good)
[Browser Console] log: [Web Vitals] TTFB: 65.80ms (good)
[Browser Console] log: [Web Vitals] LCP: 1448.00ms (good)
[Browser Console] log: [Web Vitals] LCP: 1448.00ms (good)
[Browser Console] warning: [Performance] Long task detected: 61.00ms
[Browser Console] warning: [Performance] Long task detected: 61.00ms
[Browser Console] log: [Web Vitals] FID: 6.60ms (good)
[Browser Console] log: [Web Vitals] FID: 6.60ms (good)
[Browser Console] log: [Debug] Detecting keyword for query: 무선 이어폰
[Browser Console] log: [Debug] Detected keyword: 이어폰
[Browser Console] log: [Debug] Found products: 3
[Browser Console] log: [Debug] Built cards: 3
[Browser Console] log: [Analytics] Search Performed {query: 무선 이어폰, results_count: 3, search_mode: price}
[Browser Console] log: [Debug] Adding rich cards to results
[Browser Console] log: [Debug] Adding rich cards to results
[Browser Console] error: Failed to load resource: the server responded with a status of 404 (Not Found)
[Browser Console] log: [Debug] Navigating to: /negotiations/mock-negotiation-id
[Browser Console] log: [Fast Refresh] rebuilding
[Browser Console] log: [Fast Refresh] done in 7061ms
[Browser Console] log: [Web Vitals] CLS: 0.00ms (good)
[Browser Console] log: [Web Vitals] INP: 120.00ms (good)
[Browser Console] log: [Web Vitals] CLS: 0.00ms (good)
[Browser Console] log: [Web Vitals] INP: 120.00ms (good)
[Browser Console] info: %cDownload the React DevTools for a better development experience: https://reactjs.org/link/react-devtools font-weight:bold
[Browser Console] log: [Performance] Page Load Metrics: {dns_time: 0, tcp_time: 0, request_time: 8555.699999988079, response_time: 66, dom_processing_time: 0}
[Browser Console] log: [Performance] Monitoring initialized
[Browser Console] log: [Performance] Page Load Metrics: {dns_time: 0, tcp_time: 0, request_time: 8555.699999988079, response_time: 66, dom_processing_time: 0}
[Browser Console] log: [Performance] Monitoring initialized
[Browser Console] log: [Web Vitals] TTFB: 8575.20ms (poor)
[Browser Console] log: [Web Vitals] TTFB: 8575.20ms (poor)
[Browser Console] error: WebSocket connection to 'wss://your-project.supabase.co/realtime/v1/websocket?apikey=eyJhbGciOiJIUzI1NiIsInR5cCI6IkpXVCJ9...&vsn=1.0.0' failed: Error in connection establishment: net::ERR_NAME_NOT_RESOLVED
[Browser Console] error: 등록된 PG 설정 정보가 없습니다.
[Browser Console] error: 등록된 PG 설정 정보가 없습니다.
[Browser Console] warning: [Performance] Long task detected: 70.00ms
[Browser Console] warning: [Performance] Long task detected: 70.00ms
[Browser Console] log: [Web Vitals] FCP: 10476.00ms (poor)
[Browser Console] log: [Web Vitals] FCP: 10476.00ms (poor)
[Browser Console] info: %cDownload the React DevTools for a better development experience: https://reactjs.org/link/react-devtools font-weight:bold
[Browser Console] log: [Web Vitals] FCP: 328.00ms (good)
[Browser Console] log: [Performance] Page Load Metrics: {dns_time: 0.30000001192092896, tcp_time: 0.3999999761581421, request_time: 81.39999997615814, response_time: 3.100000023841858, dom_processing_time: 0}
[Browser Console] log: [Performance] Monitoring initialized
[Browser Console] log: [Web Vitals] FCP: 328.00ms (good)
[Browser Console] log: [Performance] Page Load Metrics: {dns_time: 0.30000001192092896, tcp_time: 0.3999999761581421, request_time: 81.39999997615814, response_time: 3.100000023841858, dom_processing_time: 0}
[Browser Console] log: [Performance] Monitoring initialized
[Browser Console] log: [Web Vitals] TTFB: 96.70ms (good)
[Browser Console] log: [Web Vitals] TTFB: 96.70ms (good)
[Browser Console] log: [Web Vitals] LCP: 1436.00ms (good)
[Browser Console] log: [Web Vitals] LCP: 1436.00ms (good)
[Browser Console] warning: [Performance] Long task detected: 66.00ms
[Browser Console] warning: [Performance] Long task detected: 66.00ms
[Browser Console] log: [Web Vitals] FID: 5.30ms (good)
[Browser Console] log: [Web Vitals] FID: 5.30ms (good)
[Browser Console] log: [Debug] Detecting keyword for query: 무선 이어폰
[Browser Console] log: [Debug] Detected keyword: 이어폰
[Browser Console] log: [Debug] Found products: 3
[Browser Console] log: [Debug] Built cards: 3
[Browser Console] log: [Analytics] Search Performed {query: 무선 이어폰, results_count: 3, search_mode: price}
[Browser Console] log: [Debug] Adding rich cards to results
[Browser Console] log: [Debug] Adding rich cards to results
[Browser Console] error: Failed to load resource: the server responded with a status of 404 (Not Found)
[Browser Console] log: [Debug] Navigating to: /negotiations/mock-negotiation-id
[Browser Console] log: [Fast Refresh] rebuilding
[Browser Console] log: [Fast Refresh] done in 6112ms
[Browser Console] log: [Web Vitals] CLS: 0.00ms (good)
[Browser Console] log: [Web Vitals] INP: 136.00ms (good)
[Browser Console] log: [Web Vitals] CLS: 0.00ms (good)
[Browser Console] log: [Web Vitals] INP: 136.00ms (good)
[Browser Console] info: %cDownload the React DevTools for a better development experience: https://reactjs.org/link/react-devtools font-weight:bold
[Browser Console] log: [Performance] Page Load Metrics: {dns_time: 0, tcp_time: 0, request_time: 9782.5, response_time: 11, dom_processing_time: 0}
[Browser Console] log: [Performance] Monitoring initialized
[Browser Console] log: [Performance] Page Load Metrics: {dns_time: 0, tcp_time: 0, request_time: 9782.5, response_time: 11, dom_processing_time: 0}
[Browser Console] log: [Performance] Monitoring initialized
[Browser Console] log: [Web Vitals] TTFB: 9810.40ms (poor)
[Browser Console] log: [Web Vitals] TTFB: 9810.40ms (poor)
[Browser Console] error: WebSocket connection to 'wss://your-project.supabase.co/realtime/v1/websocket?apikey=eyJhbGciOiJIUzI1NiIsInR5cCI6IkpXVCJ9...&vsn=1.0.0' failed: Error in connection establishment: net::ERR_NAME_NOT_RESOLVED
[Browser Console] error: 등록된 PG 설정 정보가 없습니다.
[Browser Console] error: 등록된 PG 설정 정보가 없습니다.
[Browser Console] warning: [Performance] Long task detected: 59.00ms
[Browser Console] warning: [Performance] Long task detected: 84.00ms
[Browser Console] warning: [Performance] Long task detected: 59.00ms
[Browser Console] warning: [Performance] Long task detected: 84.00ms
[Browser Console] error: Failed to load resource: net::ERR_NAME_NOT_RESOLVED
[Browser Console] log: [Web Vitals] FCP: 11040.00ms (poor)
[Browser Console] log: [Web Vitals] FCP: 11040.00ms (poor)
[Browser Console] info: %cDownload the React DevTools for a better development experience: https://reactjs.org/link/react-devtools font-weight:bold
[Browser Console] log: [Web Vitals] FCP: 700.00ms (good)
[Browser Console] log: [Performance] Page Load Metrics: {dns_time: 0.19999998807907104, tcp_time: 0.40000003576278687, request_time: 313.5, response_time: 38.19999998807907, dom_processing_time: 0}
[Browser Console] log: [Performance] Monitoring initialized
[Browser Console] log: [Web Vitals] FCP: 700.00ms (good)
[Browser Console] log: [Performance] Page Load Metrics: {dns_time: 0.19999998807907104, tcp_time: 0.40000003576278687, request_time: 313.5, response_time: 38.19999998807907, dom_processing_time: 0}
[Browser Console] log: [Performance] Monitoring initialized
[Browser Console] log: [Web Vitals] TTFB: 362.30ms (good)
[Browser Console] log: [Web Vitals] TTFB: 362.30ms (good)
[Browser Console] log: [Web Vitals] LCP: 1944.00ms (good)
[Browser Console] log: [Web Vitals] LCP: 1944.00ms (good)
[Browser Console] warning: [Performance] Long task detected: 56.00ms
[Browser Console] warning: [Performance] Long task detected: 56.00ms
[Browser Console] log: [Web Vitals] FID: 5.10ms (good)
[Browser Console] log: [Web Vitals] FID: 5.10ms (good)
[Browser Console] log: [Debug] Detecting keyword for query: 무선 이어폰
[Browser Console] log: [Debug] Detected keyword: 이어폰
[Browser Console] log: [Debug] Found products: 3
[Browser Console] log: [Debug] Built cards: 3
[Browser Console] log: [Analytics] Search Performed {query: 무선 이어폰, results_count: 3, search_mode: price}
[Browser Console] log: [Debug] Adding rich cards to results
[Browser Console] log: [Debug] Adding rich cards to results
[Browser Console] error: Failed to load resource: the server responded with a status of 404 (Not Found)
[Browser Console] log: [Debug] Navigating to: /negotiations/mock-negotiation-id
[Browser Console] log: [Fast Refresh] rebuilding
[Browser Console] log: [Fast Refresh] done in 6683ms
[Browser Console] log: [Web Vitals] CLS: 0.00ms (good)
[Browser Console] log: [Web Vitals] INP: 120.00ms (good)
[Browser Console] log: [Web Vitals] CLS: 0.00ms (good)
[Browser Console] log: [Web Vitals] INP: 120.00ms (good)
[Browser Console] info: %cDownload the React DevTools for a better development experience: https://reactjs.org/link/react-devtools font-weight:bold
[Browser Console] log: [Performance] Page Load Metrics: {dns_time: 0, tcp_time: 0, request_time: 9306.699999988079, response_time: 20.900000035762787, dom_processing_time: 0.10000002384185791}
[Browser Console] log: [Performance] Monitoring initialized
[Browser Console] log: [Performance] Page Load Metrics: {dns_time: 0, tcp_time: 0, request_time: 9306.699999988079, response_time: 20.900000035762787, dom_processing_time: 0.10000002384185791}
[Browser Console] log: [Performance] Monitoring initialized
[Browser Console] log: [Web Vitals] TTFB: 9329.00ms (poor)
[Browser Console] log: [Web Vitals] TTFB: 9329.00ms (poor)
[Browser Console] error: WebSocket connection to 'wss://your-project.supabase.co/realtime/v1/websocket?apikey=eyJhbGciOiJIUzI1NiIsInR5cCI6IkpXVCJ9...&vsn=1.0.0' failed: Error in connection establishment: net::ERR_NAME_NOT_RESOLVED
[Browser Console] error: 등록된 PG 설정 정보가 없습니다.
[Browser Console] error: 등록된 PG 설정 정보가 없습니다.
[Browser Console] warning: [Performance] Long task detected: 63.00ms
[Browser Console] warning: [Performance] Long task detected: 63.00ms
[Browser Console] log: [Web Vitals] FCP: 10544.00ms (poor)
[Browser Console] log: [Web Vitals] FCP: 10544.00ms (poor)
[Browser Console] info: %cDownload the React DevTools for a better development experience: https://reactjs.org/link/react-devtools font-weight:bold
[Browser Console] log: [Web Vitals] FCP: 348.00ms (good)
[Browser Console] log: [Performance] Page Load Metrics: {dns_time: 0.10000002384185791, tcp_time: 0.5, request_time: 83.20000004768372, response_time: 7.199999988079071, dom_processing_time: 0.10000002384185791}
[Browser Console] log: [Performance] Monitoring initialized
[Browser Console] log: [Web Vitals] FCP: 348.00ms (good)
[Browser Console] log: [Performance] Page Load Metrics: {dns_time: 0.10000002384185791, tcp_time: 0.5, request_time: 83.20000004768372, response_time: 7.199999988079071, dom_processing_time: 0.10000002384185791}
[Browser Console] log: [Performance] Monitoring initialized
[Browser Console] log: [Web Vitals] TTFB: 100.20ms (good)
[Browser Console] log: [Web Vitals] TTFB: 100.20ms (good)
[Browser Console] log: [Web Vitals] LCP: 1728.00ms (good)
[Browser Console] log: [Web Vitals] LCP: 1728.00ms (good)
[Browser Console] warning: [Performance] Long task detected: 56.00ms
[Browser Console] warning: [Performance] Long task detected: 56.00ms
[Browser Console] log: [Web Vitals] FID: 4.70ms (good)
[Browser Console] log: [Web Vitals] FID: 4.70ms (good)
[Browser Console] log: [Debug] Detecting keyword for query: 무선 이어폰
[Browser Console] log: [Debug] Detected keyword: 이어폰
[Browser Console] log: [Debug] Found products: 3
[Browser Console] log: [Debug] Built cards: 3
[Browser Console] log: [Analytics] Search Performed {query: 무선 이어폰, results_count: 3, search_mode: price}
[Browser Console] log: [Debug] Adding rich cards to results
[Browser Console] log: [Debug] Adding rich cards to results
[Browser Console] error: Failed to load resource: the server responded with a status of 404 (Not Found)
[Browser Console] log: [Debug] Navigating to: /negotiations/mock-negotiation-id
[Browser Console] log: [Fast Refresh] rebuilding
[Browser Console] warning: [Performance] Long task detected: 210.00ms
[Browser Console] warning: [Performance] Long task detected: 210.00ms
[Browser Console] warning: [Performance] Long task detected: 60.00ms
[Browser Console] warning: [Performance] Long task detected: 60.00ms
[Browser Console] log: [Fast Refresh] done in 11014ms
[Browser Console] log: [Web Vitals] CLS: 0.00ms (good)
[Browser Console] log: [Web Vitals] INP: 128.00ms (good)
[Browser Console] log: [Web Vitals] CLS: 0.00ms (good)
[Browser Console] log: [Web Vitals] INP: 128.00ms (good)
[Browser Console] info: %cDownload the React DevTools for a better development experience: https://reactjs.org/link/react-devtools font-weight:bold
[Browser Console] log: [Web Vitals] FCP: 560.00ms (good)
[Browser Console] log: [Performance] Page Load Metrics: {dns_time: 0.19999998807907104, tcp_time: 0.19999998807907104, request_time: 278.60000002384186, response_time: 11, dom_processing_time: 0}
[Browser Console] log: [Performance] Monitoring initialized
[Browser Console] log: [Web Vitals] FCP: 560.00ms (good)
[Browser Console] log: [Performance] Page Load Metrics: {dns_time: 0.19999998807907104, tcp_time: 0.19999998807907104, request_time: 278.60000002384186, response_time: 11, dom_processing_time: 0}
[Browser Console] log: [Performance] Monitoring initialized
[Browser Console] log: [Web Vitals] TTFB: 302.00ms (good)
[Browser Console] log: [Web Vitals] TTFB: 302.00ms (good)
[Browser Console] log: [Web Vitals] LCP: 2048.00ms (good)
[Browser Console] log: [Web Vitals] LCP: 2048.00ms (good)
[Browser Console] log: [Web Vitals] FID: 4.70ms (good)
[Browser Console] log: [Web Vitals] FID: 4.70ms (good)
[Browser Console] log: [Debug] Detecting keyword for query: 무선 이어폰
[Browser Console] log: [Debug] Detected keyword: 이어폰
[Browser Console] log: [Debug] Found products: 3
[Browser Console] log: [Debug] Built cards: 3
[Browser Console] log: [Analytics] Search Performed {query: 무선 이어폰, results_count: 3, search_mode: price}
[Browser Console] log: [Debug] Adding rich cards to results
[Browser Console] log: [Debug] Adding rich cards to results
[Browser Console] error: Failed to load resource: the server responded with a status of 404 (Not Found)
[Browser Console] log: [Debug] Navigating to: /negotiations/mock-negotiation-id
[Browser Console] log: [Web Vitals] CLS: 0.00ms (good)
[Browser Console] log: [Web Vitals] INP: 112.00ms (good)
[Browser Console] log: [Web Vitals] CLS: 0.00ms (good)
[Browser Console] log: [Web Vitals] INP: 112.00ms (good)
[Browser Console] info: %cDownload the React DevTools for a better development experience: https://reactjs.org/link/react-devtools font-weight:bold
[Browser Console] log: [Web Vitals] FCP: 292.00ms (good)
[Browser Console] log: [Performance] Page Load Metrics: {dns_time: 0.19999998807907104, tcp_time: 0.5, request_time: 85.80000001192093, response_time: 2.699999988079071, dom_processing_time: 0.10000002384185791}
[Browser Console] log: [Performance] Monitoring initialized
[Browser Console] log: [Web Vitals] FCP: 292.00ms (good)
[Browser Console] log: [Performance] Page Load Metrics: {dns_time: 0.19999998807907104, tcp_time: 0.5, request_time: 85.80000001192093, response_time: 2.699999988079071, dom_processing_time: 0.10000002384185791}
[Browser Console] log: [Performance] Monitoring initialized
[Browser Console] log: [Web Vitals] TTFB: 96.90ms (good)
[Browser Console] log: [Web Vitals] TTFB: 96.90ms (good)
[Browser Console] log: [Web Vitals] LCP: 1548.00ms (good)
[Browser Console] log: [Web Vitals] LCP: 1548.00ms (good)
[Browser Console] log: [Web Vitals] FID: 4.80ms (good)
[Browser Console] log: [Web Vitals] FID: 4.80ms (good)
[Browser Console] log: [Debug] Detecting keyword for query: 무선 이어폰
[Browser Console] log: [Debug] Detected keyword: 이어폰
[Browser Console] log: [Debug] Found products: 3
[Browser Console] log: [Debug] Built cards: 3
[Browser Console] log: [Analytics] Search Performed {query: 무선 이어폰, results_count: 3, search_mode: price}
[Browser Console] log: [Debug] Adding rich cards to results
[Browser Console] log: [Debug] Adding rich cards to results
[Browser Console] error: Failed to load resource: the server responded with a status of 404 (Not Found)
[Browser Console] log: [Debug] Navigating to: /negotiations/mock-negotiation-id
Success toast found!
[Browser Console] info: %cDownload the React DevTools for a better development experience: https://reactjs.org/link/react-devtools font-weight:bold
[Browser Console] log: [Web Vitals] FCP: 184.00ms (good)
[Browser Console] log: [Performance] Page Load Metrics: {dns_time: 0.19999998807907104, tcp_time: 0.30000001192092896, request_time: 31.100000023841858, response_time: 4.399999976158142, dom_processing_time: 0}
[Browser Console] log: [Performance] Monitoring initialized
[Browser Console] log: [Web Vitals] FCP: 184.00ms (good)
[Browser Console] log: [Performance] Page Load Metrics: {dns_time: 0.19999998807907104, tcp_time: 0.30000001192092896, request_time: 31.100000023841858, response_time: 4.399999976158142, dom_processing_time: 0}
[Browser Console] log: [Performance] Monitoring initialized
[Browser Console] log: [Web Vitals] TTFB: 39.60ms (good)
[Browser Console] log: [Web Vitals] TTFB: 39.60ms (good)
[Browser Console] log: [Web Vitals] LCP: 1184.00ms (good)
[Browser Console] log: [Web Vitals] LCP: 1184.00ms (good)
[Browser Console] log: [Web Vitals] FID: 3.60ms (good)
[Browser Console] log: [Web Vitals] FID: 3.60ms (good)
[Browser Console] log: [Debug] Detecting keyword for query: 무선 이어폰
[Browser Console] log: [Debug] Detected keyword: 이어폰
[Browser Console] log: [Debug] Found products: 3
[Browser Console] log: [Debug] Built cards: 3
[Browser Console] log: [Analytics] Search Performed {query: 무선 이어폰, results_count: 3, search_mode: price}
[Browser Console] log: [Debug] Adding rich cards to results
[Browser Console] log: [Debug] Adding rich cards to results
[Browser Console] error: Failed to load resource: the server responded with a status of 404 (Not Found)
[Browser Console] log: [Debug] Navigating to: /negotiations/mock-negotiation-id
Success toast found!
[Browser Console] log: [Fast Refresh] rebuilding
[Browser Console] log: [Fast Refresh] done in 6762ms
[Browser Console] warning: [Performance] Long task detected: 176.00ms
[Browser Console] warning: [Performance] Long task detected: 176.00ms
[Browser Console] log: [useNegotiation] Skipping Realtime subscription in test environment
[Browser Console] log: [useNegotiation] Skipping Realtime subscription in test environment
[Browser Console] warning: [Performance] Long task detected: 81.00ms
[Browser Console] warning: [Performance] Long task detected: 81.00ms
[Browser Console] error: [2025-12-04T16:07:46.544Z] [ERROR] Error fetching negotiation:
  Error: Unexpected token '<', ..."          <html>
   "... is not valid JSON
  Stack: SyntaxError: Unexpected token '<', ..."          <html>
   "... is not valid JSON
[Browser Console] error: [2025-12-04T16:07:46.546Z] [ERROR] Error fetching negotiation:
  Error: Unexpected token '<', ..."          <html>
   "... is not valid JSON
  Stack: SyntaxError: Unexpected token '<', ..."          <html>
   "... is not valid JSON
[Browser Console] info: %cDownload the React DevTools for a better development experience: https://reactjs.org/link/react-devtools font-weight:bold
[Browser Console] log: [Web Vitals] FCP: 308.00ms (good)
[Browser Console] log: [Performance] Page Load Metrics: {dns_time: 0.09999996423721313, tcp_time: 0.30000001192092896, request_time: 68.20000004768372, response_time: 4.399999976158142, dom_processing_time: 0.10000002384185791}
[Browser Console] log: [Performance] Monitoring initialized
[Browser Console] log: [Web Vitals] FCP: 308.00ms (good)
[Browser Console] log: [Performance] Page Load Metrics: {dns_time: 0.09999996423721313, tcp_time: 0.30000001192092896, request_time: 68.20000004768372, response_time: 4.399999976158142, dom_processing_time: 0.10000002384185791}
[Browser Console] log: [Performance] Monitoring initialized
[Browser Console] log: [Web Vitals] TTFB: 79.50ms (good)
[Browser Console] log: [Web Vitals] TTFB: 79.50ms (good)
[Browser Console] log: [Web Vitals] LCP: 1340.00ms (good)
[Browser Console] log: [Web Vitals] LCP: 1340.00ms (good)
[Browser Console] log: [Web Vitals] FID: 4.00ms (good)
[Browser Console] log: [Web Vitals] FID: 4.00ms (good)
[Browser Console] log: [Debug] Detecting keyword for query: 무선 이어폰
[Browser Console] log: [Debug] Detected keyword: 이어폰
[Browser Console] log: [Debug] Found products: 3
[Browser Console] log: [Debug] Built cards: 3
[Browser Console] log: [Analytics] Search Performed {query: 무선 이어폰, results_count: 3, search_mode: price}
[Browser Console] log: [Debug] Adding rich cards to results
[Browser Console] log: [Debug] Adding rich cards to results
[Browser Console] warning: [Performance] Long task detected: 121.00ms
[Browser Console] warning: [Performance] Long task detected: 121.00ms
[Browser Console] warning: [Performance] Long task detected: 51.00ms
[Browser Console] warning: [Performance] Long task detected: 51.00ms
[Browser Console] warning: [Performance] Long task detected: 52.00ms
[Browser Console] warning: [Performance] Long task detected: 52.00ms
[Browser Console] error: Failed to load resource: the server responded with a status of 404 (Not Found)
[Browser Console] log: [Debug] Navigating to: /negotiations/mock-negotiation-id
Success toast found!
[Browser Console] log: [Fast Refresh] rebuilding
[Browser Console] log: [Fast Refresh] done in 4237ms
[Browser Console] warning: [Performance] Long task detected: 112.00ms
[Browser Console] warning: [Performance] Long task detected: 112.00ms
[Browser Console] log: [useNegotiation] Skipping Realtime subscription in test environment
[Browser Console] log: [useNegotiation] Skipping Realtime subscription in test environment
[Browser Console] info: %cDownload the React DevTools for a better development experience: https://reactjs.org/link/react-devtools font-weight:bold
[Browser Console] log: [Web Vitals] FCP: 704.00ms (good)
[Browser Console] log: [Performance] Page Load Metrics: {dns_time: 0.5, tcp_time: 1.399999976158142, request_time: 425, response_time: 10.699999988079071, dom_processing_time: 0}
[Browser Console] log: [Performance] Monitoring initialized
[Browser Console] log: [Web Vitals] FCP: 704.00ms (good)
[Browser Console] log: [Performance] Page Load Metrics: {dns_time: 0.5, tcp_time: 1.399999976158142, request_time: 425, response_time: 10.699999988079071, dom_processing_time: 0}
[Browser Console] log: [Performance] Monitoring initialized
[Browser Console] log: [Web Vitals] TTFB: 464.50ms (good)
[Browser Console] log: [Web Vitals] TTFB: 464.50ms (good)
[Browser Console] warning: [Performance] Long task detected: 56.00ms
[Browser Console] warning: [Performance] Long task detected: 56.00ms
[Browser Console] log: [Web Vitals] LCP: 1812.00ms (good)
[Browser Console] log: [Web Vitals] LCP: 1812.00ms (good)
[Browser Console] log: [Web Vitals] FID: 4.10ms (good)
[Browser Console] log: [Web Vitals] FID: 4.10ms (good)
[Browser Console] log: [Debug] Detecting keyword for query: 무선 이어폰
[Browser Console] log: [Debug] Detected keyword: 이어폰
[Browser Console] log: [Debug] Found products: 3
[Browser Console] log: [Debug] Built cards: 3
[Browser Console] log: [Analytics] Search Performed {query: 무선 이어폰, results_count: 3, search_mode: price}
[Browser Console] log: [Debug] Adding rich cards to results
[Browser Console] log: [Debug] Adding rich cards to results
[Browser Console] error: Failed to load resource: the server responded with a status of 404 (Not Found)
[Browser Console] log: [Debug] Navigating to: /negotiations/mock-negotiation-id
Success toast found!
[Browser Console] log: [Fast Refresh] rebuilding
[Browser Console] log: [Fast Refresh] done in 2431ms
[Browser Console] warning: [Performance] Long task detected: 94.00ms
[Browser Console] warning: [Performance] Long task detected: 94.00ms
[Browser Console] log: [useNegotiation] Skipping Realtime subscription in test environment
[Browser Console] log: [useNegotiation] Skipping Realtime subscription in test environment
[Browser Console] error: 등록된 PG 설정 정보가 없습니다.
[Browser Console] error: 등록된 PG 설정 정보가 없습니다.
[Browser Console] warning: [Performance] Long task detected: 72.00ms
[Browser Console] warning: [Performance] Long task detected: 72.00ms
[Browser Console] error: Failed to load resource: net::ERR_NAME_NOT_RESOLVED
[Browser Console] error: Failed to load resource: net::ERR_NAME_NOT_RESOLVED
[Browser Console] error: Failed to load resource: the server responded with a status of 401 (Unauthorized)
[Browser Console] error: Share error: Error: Failed to create invitation
    at handleShare (webpack-internal:///(app-pages-browser)/./src/components/negotiations/ShareButton.tsx:47:23)
[Browser Console] warning: [Performance] Long task detected: 138.00ms
[Browser Console] warning: [Performance] Long task detected: 183.00ms
[Browser Console] warning: [Performance] Long task detected: 138.00ms
[Browser Console] warning: [Performance] Long task detected: 183.00ms
[Browser Console] info: %cDownload the React DevTools for a better development experience: https://reactjs.org/link/react-devtools font-weight:bold
[Browser Console] log: [Web Vitals] FCP: 340.00ms (good)
[Browser Console] log: [Performance] Page Load Metrics: {dns_time: 0.699999988079071, tcp_time: 0.6000000238418579, request_time: 74.69999998807907, response_time: 7.300000011920929, dom_processing_time: 0.10000002384185791}
[Browser Console] log: [Performance] Monitoring initialized
[Browser Console] log: [Web Vitals] FCP: 340.00ms (good)
[Browser Console] log: [Performance] Page Load Metrics: {dns_time: 0.699999988079071, tcp_time: 0.6000000238418579, request_time: 74.69999998807907, response_time: 7.300000011920929, dom_processing_time: 0.10000002384185791}
[Browser Console] log: [Performance] Monitoring initialized
[Browser Console] warning: [Performance] Long task detected: 53.00ms
[Browser Console] warning: [Performance] Long task detected: 53.00ms
[Browser Console] log: [Web Vitals] TTFB: 93.70ms (good)
[Browser Console] log: [Web Vitals] TTFB: 93.70ms (good)
[Browser Console] warning: [Performance] Long task detected: 63.00ms
[Browser Console] warning: [Performance] Long task detected: 63.00ms
[Browser Console] log: [Web Vitals] LCP: 1668.00ms (good)
[Browser Console] log: [Web Vitals] LCP: 1668.00ms (good)
[Browser Console] log: [Web Vitals] FID: 3.90ms (good)
[Browser Console] log: [Web Vitals] FID: 3.90ms (good)
[Browser Console] log: [Debug] Detecting keyword for query: 무선 이어폰
[Browser Console] log: [Debug] Detected keyword: 이어폰
[Browser Console] log: [Debug] Found products: 3
[Browser Console] log: [Debug] Built cards: 3
[Browser Console] log: [Analytics] Search Performed {query: 무선 이어폰, results_count: 3, search_mode: price}
[Browser Console] log: [Debug] Adding rich cards to results
[Browser Console] log: [Debug] Adding rich cards to results
[Browser Console] error: Failed to load resource: the server responded with a status of 404 (Not Found)
[Browser Console] log: [Debug] Navigating to: /negotiations/mock-negotiation-id
Success toast found!
[Browser Console] log: [Fast Refresh] rebuilding
[Browser Console] log: [Fast Refresh] done in 3190ms
[Browser Console] warning: [Performance] Long task detected: 179.00ms
[Browser Console] warning: [Performance] Long task detected: 179.00ms
[Browser Console] log: [useNegotiation] Skipping Realtime subscription in test environment
[Browser Console] log: [useNegotiation] Skipping Realtime subscription in test environment
[Browser Console] warning: [Performance] Long task detected: 63.00ms
[Browser Console] warning: [Performance] Long task detected: 63.00ms
[Browser Console] error: 등록된 PG 설정 정보가 없습니다.
[Browser Console] error: 등록된 PG 설정 정보가 없습니다.
[Browser Console] warning: [Performance] Long task detected: 189.00ms
[Browser Console] warning: [Performance] Long task detected: 189.00ms
[Browser Console] error: Failed to load resource: net::ERR_NAME_NOT_RESOLVED
[Browser Console] error: Failed to load resource: net::ERR_NAME_NOT_RESOLVED
[Browser Console] info: %cDownload the React DevTools for a better development experience: https://reactjs.org/link/react-devtools font-weight:bold
[Browser Console] log: [Web Vitals] FCP: 380.00ms (good)
[Browser Console] log: [Performance] Page Load Metrics: {dns_time: 0.09999996423721313, tcp_time: 0.5, request_time: 125.5, response_time: 16.400000035762787, dom_processing_time: 0}
[Browser Console] log: [Performance] Monitoring initialized
[Browser Console] log: [Web Vitals] FCP: 380.00ms (good)
[Browser Console] log: [Performance] Page Load Metrics: {dns_time: 0.09999996423721313, tcp_time: 0.5, request_time: 125.5, response_time: 16.400000035762787, dom_processing_time: 0}
[Browser Console] log: [Performance] Monitoring initialized
[Browser Console] log: [Web Vitals] TTFB: 146.50ms (good)
[Browser Console] log: [Web Vitals] TTFB: 146.50ms (good)
[Browser Console] log: [Web Vitals] LCP: 1664.00ms (good)
[Browser Console] log: [Web Vitals] LCP: 1664.00ms (good)
[Browser Console] warning: [Performance] Long task detected: 51.00ms
[Browser Console] warning: [Performance] Long task detected: 51.00ms
[Browser Console] log: [Web Vitals] FID: 3.70ms (good)
[Browser Console] log: [Web Vitals] FID: 3.70ms (good)
[Browser Console] log: [Debug] Detecting keyword for query: 무선 이어폰
[Browser Console] log: [Debug] Detected keyword: 이어폰
[Browser Console] log: [Debug] Found products: 3
[Browser Console] log: [Debug] Built cards: 3
[Browser Console] log: [Analytics] Search Performed {query: 무선 이어폰, results_count: 3, search_mode: price}
[Browser Console] log: [Debug] Adding rich cards to results
[Browser Console] log: [Debug] Adding rich cards to results
[Browser Console] error: Failed to load resource: the server responded with a status of 404 (Not Found)
[Browser Console] log: [Debug] Navigating to: /negotiations/mock-negotiation-id
Success toast found!
[Browser Console] log: [Fast Refresh] rebuilding
[Browser Console] log: [Fast Refresh] done in 2953ms
[Browser Console] warning: [Performance] Long task detected: 92.00ms
[Browser Console] warning: [Performance] Long task detected: 92.00ms
[Browser Console] log: [useNegotiation] Skipping Realtime subscription in test environment
[Browser Console] log: [useNegotiation] Skipping Realtime subscription in test environment
[Browser Console] error: 등록된 PG 설정 정보가 없습니다.
[Browser Console] error: 등록된 PG 설정 정보가 없습니다.
[Browser Console] warning: [Performance] Long task detected: 60.00ms
[Browser Console] warning: [Performance] Long task detected: 60.00ms
[Browser Console] error: Failed to load resource: net::ERR_NAME_NOT_RESOLVED
[Browser Console] error: Failed to load resource: net::ERR_NAME_NOT_RESOLVED
[Browser Console] info: %cDownload the React DevTools for a better development experience: https://reactjs.org/link/react-devtools font-weight:bold
[Browser Console] log: [Web Vitals] FCP: 416.00ms (good)
[Browser Console] log: [Performance] Page Load Metrics: {dns_time: 0.30000001192092896, tcp_time: 1, request_time: 147.80000001192093, response_time: 7.799999952316284, dom_processing_time: 0}
[Browser Console] log: [Performance] Monitoring initialized
[Browser Console] log: [Web Vitals] FCP: 416.00ms (good)
[Browser Console] log: [Performance] Page Load Metrics: {dns_time: 0.30000001192092896, tcp_time: 1, request_time: 147.80000001192093, response_time: 7.799999952316284, dom_processing_time: 0}
[Browser Console] log: [Performance] Monitoring initialized
[Browser Console] log: [Web Vitals] TTFB: 166.20ms (good)
[Browser Console] log: [Web Vitals] TTFB: 166.20ms (good)
[Browser Console] log: [Web Vitals] LCP: 1788.00ms (good)
[Browser Console] log: [Web Vitals] LCP: 1788.00ms (good)
[Browser Console] warning: [Performance] Long task detected: 51.00ms
[Browser Console] warning: [Performance] Long task detected: 51.00ms
[Browser Console] log: [Web Vitals] FID: 5.70ms (good)
[Browser Console] log: [Web Vitals] FID: 5.70ms (good)
[Browser Console] log: [Debug] Detecting keyword for query: 무선 이어폰
[Browser Console] log: [Debug] Detected keyword: 이어폰
[Browser Console] log: [Debug] Found products: 3
[Browser Console] log: [Debug] Built cards: 3
[Browser Console] log: [Analytics] Search Performed {query: 무선 이어폰, results_count: 3, search_mode: price}
[Browser Console] log: [Debug] Adding rich cards to results
[Browser Console] log: [Debug] Adding rich cards to results
[Browser Console] error: Failed to load resource: the server responded with a status of 404 (Not Found)
[Browser Console] log: [Debug] Navigating to: /negotiations/mock-negotiation-id
Success toast found!
[Browser Console] log: [Fast Refresh] rebuilding
[Browser Console] log: [Fast Refresh] done in 2937ms
[Browser Console] warning: [Performance] Long task detected: 92.00ms
[Browser Console] warning: [Performance] Long task detected: 92.00ms
[Browser Console] log: [useNegotiation] Skipping Realtime subscription in test environment
[Browser Console] log: [useNegotiation] Skipping Realtime subscription in test environment
[Browser Console] error: 등록된 PG 설정 정보가 없습니다.
[Browser Console] error: 등록된 PG 설정 정보가 없습니다.
[Browser Console] error: Failed to load resource: net::ERR_NAME_NOT_RESOLVED
[Browser Console] error: Failed to load resource: net::ERR_NAME_NOT_RESOLVED
[Browser Console] info: %cDownload the React DevTools for a better development experience: https://reactjs.org/link/react-devtools font-weight:bold
[Browser Console] log: [Web Vitals] FCP: 1100.00ms (good)
[Browser Console] log: [Performance] Page Load Metrics: {dns_time: 0.6000000238418579, tcp_time: 1.5999999642372131, request_time: 570.8000000119209, response_time: 152.80000001192093, dom_processing_time: 0.09999996423721313}
[Browser Console] log: [Performance] Monitoring initialized
[Browser Console] log: [Web Vitals] FCP: 1100.00ms (good)
[Browser Console] log: [Performance] Page Load Metrics: {dns_time: 0.6000000238418579, tcp_time: 1.5999999642372131, request_time: 570.8000000119209, response_time: 152.80000001192093, dom_processing_time: 0.09999996423721313}
[Browser Console] log: [Performance] Monitoring initialized
[Browser Console] warning: [Performance] Long task detected: 81.00ms
[Browser Console] warning: [Performance] Long task detected: 81.00ms
[Browser Console] log: [Web Vitals] TTFB: 619.10ms (good)
[Browser Console] log: [Web Vitals] TTFB: 619.10ms (good)
[Browser Console] warning: [Performance] Long task detected: 89.00ms
[Browser Console] warning: [Performance] Long task detected: 89.00ms
[Browser Console] warning: [Performance] Long task detected: 87.00ms
[Browser Console] warning: [Performance] Long task detected: 87.00ms
[Browser Console] warning: [Performance] Long task detected: 60.00ms
[Browser Console] warning: [Performance] Long task detected: 60.00ms
